Query: How to subtract two lists in python
-----------------------------------------------------------------------

Rank:1 (https://stackoverflow.com/questions/23173344)
 Use https://docs.python.org/2/library/operator.html#operator.sub with https://docs.python.org/2/library/functions.html#map module: 

  >>> A = [3, 4, 6, 7]
>>> B = [1, 3, 6, 3]
>>> map(operator.sub, A, B)
[2, 1, 0, 4]
  

 As https://stackoverflow.com/users/1399279/sethmmorton mentioned below, in Python 3, you need this instead  

  >>> A = [3, 4, 6, 7]
>>> B = [1, 3, 6, 3]
>>> list(map(operator.sub, A, B))
[2, 1, 0, 4]
  

 Because, <a href="https://docs.python.org/3.2/library/functions.html#map"  in Python returns an iterator instead. 


-------------------------------------next answer-------------------------------------

Rank:2 (https://stackoverflow.com/questions/23173313)
 You can use https://docs.python.org/2/library/functions.html#zip and a https://docs.python.org/2/tutorial/datastructures.html#list-comprehensions: 

  >>> A = [3, 4, 6, 7]
>>> B = [1, 3, 6, 3]
>>> zip(A, B) # Just to demonstrate
[(3, 1), (4, 3), (6, 6), (7, 3)]
>>> [x - y for x, y in zip(A, B)]
[2, 1, 0, 4]
>>>
  


-------------------------------------next answer-------------------------------------

Rank:3 (https://stackoverflow.com/questions/37598939)
 You can do it in the following way 

  List1 = [3,5,6]
List2 = [3,7,2]
ans = [List1[i]-List2[i] for i in xrange(min(len(List1), len(List2)))]
print ans
  

 that outputs  [0, -2, 4]  


-------------------------------------next answer-------------------------------------

Rank:4 (https://stackoverflow.com/questions/8194178)
  

  [x1 - x2 for (x1, x2) in zip(List1, List2)]
  

 This uses  zip , list comprehensions, and destructuring. 


-------------------------------------next answer-------------------------------------

Rank:5 (https://stackoverflow.com/questions/8106289)
 Create http://docs.python.org/library/collections.html#collections.Counters for both lists, then  subtract  one from the other. 

  from collections import Counter

a = [1,2,3,1,2]
b = [1,2,3,1]

c = Counter(a)
c.subtract(Counter(b))
  


-------------------------------------next answer-------------------------------------

Rank:6 (https://stackoverflow.com/questions/40611574)
  diffs=[]
for sub_b, sub_a in zip(b, a):
    curr = []
    for atom_b, atom_a in zip(sub_b, sub_a):
        try:
            curr.append(float(atom_b) - float(atom_a))
        except ValueError:
            curr.append('-'.join([atom_b, atom_a]))
    diffs.append(curr)
ans1, ans2 = zip(*diffs)
  

 The  zip  function can also be used to unzip iterables. 


-------------------------------------next answer-------------------------------------

Rank:7 (https://stackoverflow.com/questions/39842756)
 You can also use  numpy.subtract  

 It has the advantage over the difference operator,  - , that you do not have to transform the  sequences  (list or tuples) into a  numpy arrays  â€” you save the two commands: 

  array1 = np.array([1.1, 2.2, 3.3])
array2 = np.array([1, 2, 3])
  

  Example:  (Python 3.5) 

  import numpy as np
result = np.subtract([1.1, 2.2, 3.3], [1, 2, 3])
print ('the difference =', result)
  

 which gives you 

  the difference = [ 0.1  0.2  0.3]
  

 Remember, however, that if you try to subtract sequences (lists or tuples) with the  -  operator you will get an error. In this case, you need the above commands to transform the sequences in  numpy arrays  

  Wrong Code:  

  print([1.1, 2.2, 3.3] - [1, 2, 3])
  


-------------------------------------next answer-------------------------------------

Rank:8 (https://stackoverflow.com/questions/50928295)
 Using  numpy . 

    

  import numpy as np
A=[[1,2,3],[4,5,6],[7,8,9]]
B=[1,1,1]
C = [list(np.array(i) - np.array(B)) for i in A]
print(C)
  

 Using  operator.sub   

  from operator import sub
A=[[1,2,3],[4,5,6],[7,8,9]]
B=[1,1,1]
C = [list(map(sub, i, B)) for i in A]
print(C)
  

  Output:  

  [[0, 1, 2], [3, 4, 5], [6, 7, 8]]
  


-------------------------------------next answer-------------------------------------

Rank:9 (https://stackoverflow.com/questions/40611573)
 You just need another level of looping: 

  res = []
for a, b in zip(A, B):
    diffs = []
    res.append(diffs)
    for i, j in zip(a, b):
        try:
            diffs.append(str(float(j) - float(i)))
        except ValueError:
            diffs.append('-'.join([j, i]))
print(res)
#[['Y1-X1', 'Y2-X2'], ['14.600000000000009', '-54.400000000000006'], ['53.9', '4.5']]
print(list(zip(*res)))
#[('Y1-X1', '14.600000000000009', '53.9'), ('Y2-X2', '-54.400000000000006', '4.5')]
  



