Query: What OS am I running on
-----------------------------------------------------------------------

Rank:1 (https://stackoverflow.com/questions/31296120)
 Watch out if you're on Windows with Cygwin where  os.name  is  posix . 

  >>> import os, platform
>>> print os.name
posix
>>> print platform.system()
CYGWIN_NT-6.3-WOW
  


-------------------------------------next answer-------------------------------------

Rank:2 (https://stackoverflow.com/questions/1879)
 For the record here's the results on Mac: 

  >>> import os
>>> os.name
'posix'
>>> import platform
>>> platform.system()
'Darwin'
>>> platform.release()
'8.11.1'
  


-------------------------------------next answer-------------------------------------

Rank:3 (https://stackoverflow.com/questions/43827427)
 Use the  import os  and  os.name  keywords. 


-------------------------------------next answer-------------------------------------

Rank:4 (https://stackoverflow.com/questions/1826972)
 Maybe it's a bug in 2.5? On 2.6.4 I get: 

  gruszczy@gruszczy-laptop:~$ python -c 'import os; os.kill(5555, 0)'
Traceback (most recent call last):
  File "<string>", line 1, in <module>
OSError: [Errno 3] No such process
  

 I believe, there is a bug report for this: 

 http://mail.python.org/pipermail/new-bugs-announce/2009-February/004222.html 


-------------------------------------next answer-------------------------------------

Rank:5 (https://stackoverflow.com/questions/1826935)
 Try installing htop (sudo apt-get install htop), it sometimes displays process that ps doesn't. 


-------------------------------------next answer-------------------------------------

Rank:6 (https://stackoverflow.com/questions/3670711)
 Try using  os.sep = '\\' . os.pathsep is the separator used to separate the search path (PATH environment variable) on the os. 

 see http://docs.python.org/library/os.html 


-------------------------------------next answer-------------------------------------

Rank:7 (https://stackoverflow.com/questions/16028538)
 If you are already using os, you might want to use os.uname()     

  import os
os.uname()
  


-------------------------------------next answer-------------------------------------

Rank:8 (https://stackoverflow.com/questions/48244490)
 If you are running macOS X and run  platform.system()  you get darwin
because macOS X is built on Apple's Darwin OS. Darwin is the kernel of macOS X and is essentially macOS X without the GUI. 



